[devsaidul.com/html3/new/index.html]
[backblue.gif]
[fade.gif]
[index.html]
[devsaidul.com/html3/new/assets/images/favicons/favicon-32x32.png]
[devsaidul.com/html3/new/assets/images/favicons/favicon-16x16.png]
[devsaidul.com/html3/new/assets/css/bootstrap.min.css]
[cdnjs.cloudflare.com/ajax/libs/font-awesome/6.5.2/css/all.min.css]
[cdnjs.cloudflare.com/ajax/libs/flag-icon-css/3.5.0/css/flag-icon.min.css]
[devsaidul.com/html3/new/assets/css/swiper.min.css]
[devsaidul.com/html3/new/assets/css/magnific-popup.css]
[devsaidul.com/html3/new/assets/css/common.css]
[devsaidul.com/html3/new/assets/css/nav-1.css]
[devsaidul.com/html3/new/assets/css/footer-1.css]
[devsaidul.com/html3/new/assets/css/home-1.css]
[devsaidul.com/html3/new/assets/images/logo.png]
[devsaidul.com/html3/new/home-2.html]
[devsaidul.com/html3/new/home-3.html]
[devsaidul.com/html3/new/about-us.html]
[devsaidul.com/html3/new/blog-standard.html]
[devsaidul.com/html3/new/blog-grid.html]
[devsaidul.com/html3/new/blog-details.html]
[devsaidul.com/html3/new/pricing-plan.html]
[devsaidul.com/html3/new/project-grid.html]
[devsaidul.com/html3/new/project-details.html]
[devsaidul.com/html3/new/service.html]
[devsaidul.com/html3/new/service-details.html]
[devsaidul.com/html3/new/team.html]
[devsaidul.com/html3/new/team-details.html]
[devsaidul.com/html3/new/contact.html]
[devsaidul.com/html3/new/faq.html]
[devsaidul.com/html3/new/assets/images/home-1/product-development.png]
[devsaidul.com/html3/new/assets/images/home-1/nanotechnology.png]
[devsaidul.com/html3/new/assets/images/home-1/about-1.png]
[devsaidul.com/html3/new/assets/images/home-1/about-2.png]
[devsaidul.com/html3/new/assets/images/home-1/web-browser.png]
[devsaidul.com/html3/new/assets/images/home-1/web-content.png]
[devsaidul.com/html3/new/assets/images/home-1/optimization.png]
[devsaidul.com/html3/new/assets/images/home-1/business-partner.png]
[devsaidul.com/html3/new/assets/images/home-1/latest-project-item-1.png]
[devsaidul.com/html3/new/assets/images/home-1/latest-project-item-2.png]
[devsaidul.com/html3/new/assets/images/home-1/latest-project-item-3.png]
[devsaidul.com/html3/new/assets/images/home-1/latest-project-item-4.png]
[devsaidul.com/html3/new/assets/images/home-1/faq.png]
[devsaidul.com/html3/new/assets/images/home-1/package-1.png]
[devsaidul.com/html3/new/assets/images/home-1/package-2.png]
[devsaidul.com/html3/new/assets/images/home-1/package-3.png]
[devsaidul.com/html3/new/assets/images/home-1/latest-news-1.png]
[devsaidul.com/html3/new/assets/images/home-1/latest-news-2.png]
[devsaidul.com/html3/new/assets/images/home-1/latest-news-3.png]
[devsaidul.com/html3/new/assets/images/footer-left-img.png]
[devsaidul.com/html3/new/assets/images/footer-right-img.png]
[devsaidul.com/html3/new/assets/images/home-1/footer-gallery-1.png]
[devsaidul.com/html3/new/assets/images/home-1/footer-gallery-2.png]
[devsaidul.com/html3/new/assets/images/home-1/footer-gallery-3.png]
[devsaidul.com/html3/new/assets/images/home-1/footer-gallery-4.png]
[devsaidul.com/html3/new/assets/images/home-1/footer-gallery-5.png]
[devsaidul.com/html3/new/assets/images/home-1/footer-gallery-6.png]
[code.jquery.com/jquery-3.6.0.min.js]
[devsaidul.com/html3/new/assets/js/bootstrap.bundle.min.js]
[devsaidul.com/html3/new/assets/js/swiper.js]
[devsaidul.com/html3/new/assets/js/gsap.min.js]
[devsaidul.com/html3/new/assets/js/split-text.js]
[devsaidul.com/html3/new/assets/js/scrolltigger.js]
[devsaidul.com/html3/new/assets/js/split-type.js]
[devsaidul.com/html3/new/assets/js/waw.js]
[devsaidul.com/html3/new/assets/js/counter-up.js]
[devsaidul.com/html3/new/assets/js/metismenu.js]
[devsaidul.com/html3/new/assets/js/magnific-popup.js]
[devsaidul.com/html3/new/assets/js/waypoint.js]
[devsaidul.com/html3/new/index.html]
[devsaidul.com/apple-touch-icon.html]
[devsaidul.com/html3/new/assets/js/main.js]
[devsaidul.com/html3/new/assets/css/bootstrap.min.css]
[cdnjs.cloudflare.com/ajax/libs/font-awesome/6.5.2/css/all.min.css]
[cdnjs.cloudflare.com/ajax/libs/flag-icon-css/3.5.0/css/flag-icon.min.css]
[devsaidul.com/html3/new/assets/css/swiper.min.css]
[devsaidul.com/html3/new/assets/css/magnific-popup.css]
[devsaidul.com/html3/new/assets/images/home-1/up-coming-events-bg.png]
[devsaidul.com/html3/new/assets/images/home-1/faq-bg.png]
[devsaidul.com/html3/new/assets/images/home-3/fact.png]
[devsaidul.com/html3/new/assets/css/common.css]
[devsaidul.com/html3/new/assets/css/nav-1.css]
[devsaidul.com/html3/new/assets/css/footer-1.css]
[devsaidul.com/html3/new/assets/images/home-1/banner.png]
[devsaidul.com/html3/new/assets/images/home-1/cta.png]
[devsaidul.com/html3/new/assets/images/home-1/pattern.png]
[devsaidul.com/html3/new/assets/css/home-1.css]
[devsaidul.com/html3/new/assets/images/favicons-2.png]
[devsaidul.com/html3/new/assets/css/nav-2.css]
[devsaidul.com/html3/new/assets/css/footer-2.css]
[devsaidul.com/html3/new/assets/css/home-2.css]
[devsaidul.com/html3/new/assets/images/home-2/logo.png]
[devsaidul.com/html3/new/assets/images/home-2/choose-us-icon-1.png]
[devsaidul.com/html3/new/assets/images/home-2/choose-us-icon-4.png]
[devsaidul.com/html3/new/assets/images/home-2/choose-us-icon-2.png]
[devsaidul.com/html3/new/assets/images/home-2/choose-us-icon-5.png]
[devsaidul.com/html3/new/assets/images/home-2/choose-us-icon-3.png]
[devsaidul.com/html3/new/assets/images/home-2/choose-us-icon-6.png]
[devsaidul.com/html3/new/assets/images/home-2/build-website-client-logo-1.png]
[devsaidul.com/html3/new/assets/images/home-2/build-website-client-logo-2.png]
[devsaidul.com/html3/new/assets/images/home-2/build-website-client-logo-3.png]
[devsaidul.com/html3/new/assets/images/home-2/build-website-client-logo-4.png]
[devsaidul.com/html3/new/assets/images/home-2/build-website-client-logo-5.png]
[devsaidul.com/html3/new/assets/images/home-2/solution-today.png]
[devsaidul.com/html3/new/assets/images/home-2/meet-our-expert.png]
[devsaidul.com/html3/new/assets/images/home-2/industry-expert-4.png]
[devsaidul.com/html3/new/assets/images/home-2/industry-expert-3.png]
[devsaidul.com/html3/new/assets/images/home-2/industry-expert-2.png]
[devsaidul.com/html3/new/assets/images/home-2/industry-expert-1.png]
[devsaidul.com/html3/new/assets/images/home-2/project-completed.png]
[devsaidul.com/html3/new/assets/images/home-2/ivon-1.png]
[devsaidul.com/html3/new/assets/images/home-2/ivon-2.png]
[devsaidul.com/html3/new/assets/images/home-2/choose-us.png]
[devsaidul.com/html3/new/assets/images/home-2/client-1.png]
[devsaidul.com/html3/new/assets/images/home-2/cotation.png]
[devsaidul.com/html3/new/assets/images/home-2/client-2.png]
[devsaidul.com/html3/new/assets/images/home-2/our-office.png]
[devsaidul.com/html3/new/assets/images/home-2/location.png]
[devsaidul.com/html3/new/assets/images/home-2/email.png]
[devsaidul.com/html3/new/assets/images/home-2/latest-news-1.png]
[devsaidul.com/html3/new/assets/images/home-2/latest-news-2.png]
[devsaidul.com/html3/new/assets/images/home-2/latest-news-3.png]
[devsaidul.com/html3/new/home-2.html]
[devsaidul.com/html3/new/assets/images/favicons-3.png]
[devsaidul.com/html3/new/assets/css/nav-3.css]
[devsaidul.com/html3/new/assets/css/home-3.css]
[devsaidul.com/html3/new/assets/images/home-3/logo.png]
[devsaidul.com/html3/new/assets/images/home-3/trusted-client-area-1.png]
[devsaidul.com/html3/new/assets/images/home-3/trusted-client-area-2.png]
[devsaidul.com/html3/new/assets/images/home-3/about.png]
[devsaidul.com/html3/new/assets/images/home-3/team-1.png]
[devsaidul.com/html3/new/assets/images/home-3/team-2.png]
[devsaidul.com/html3/new/assets/images/home-3/team-3.png]
[devsaidul.com/html3/new/assets/images/home-3/team-4.png]
[devsaidul.com/html3/new/assets/images/home-3/accounting.png]
[devsaidul.com/html3/new/assets/images/home-3/support.png]
[devsaidul.com/html3/new/assets/images/home-3/like-us-area.png]
[devsaidul.com/html3/new/assets/images/home-3/play-btn.png]
[devsaidul.com/html3/new/assets/images/home-3/latest-project-1.png]
[devsaidul.com/html3/new/assets/images/home-3/latest-project-4.png]
[devsaidul.com/html3/new/assets/images/home-3/latest-project-2.png]
[devsaidul.com/html3/new/assets/images/home-3/latest-project-5.png]
[devsaidul.com/html3/new/assets/images/home-3/latest-project-3.png]
[devsaidul.com/html3/new/assets/images/home-3/latest-project-6.png]
[devsaidul.com/html3/new/home-3.html]
[devsaidul.com/html3/new/assets/css/about-us.css]
[devsaidul.com/html3/new/assets/images/about-us/ivon-1.png]
[devsaidul.com/html3/new/assets/images/about-us/ivon-2.png]
[devsaidul.com/html3/new/about-us.html]
[devsaidul.com/html3/new/assets/css/blog-standard.css]
[devsaidul.com/html3/new/assets/images/blog/blog-details-1.png]
[devsaidul.com/html3/new/assets/images/blog/blog-details-2.png]
[devsaidul.com/html3/new/assets/images/blog/blog-details-3.png]
[devsaidul.com/html3/new/assets/images/blog/popular-post-1.png]
[devsaidul.com/html3/new/assets/images/blog/popular-post-2.png]
[devsaidul.com/html3/new/assets/images/blog/popular-post-3.png]
[devsaidul.com/html3/new/blog-standard.html]
[devsaidul.com/html3/new/assets/css/blog-grid.css]
[devsaidul.com/html3/new/assets/images/home-1/latest-news-4.png]
[devsaidul.com/html3/new/assets/images/home-1/latest-news-5.png]
[devsaidul.com/html3/new/assets/images/home-1/latest-news-6.png]
[devsaidul.com/html3/new/blog-grid.html]
[devsaidul.com/html3/new/assets/css/blog-details.css]
[devsaidul.com/html3/new/assets/images/blog/blog-details-5.png]
[devsaidul.com/html3/new/assets/images/blog/blog-details-4.png]
[devsaidul.com/html3/new/assets/images/blog/blog-post1.png]
[devsaidul.com/html3/new/assets/images/blog/blog-post2.png]
[devsaidul.com/html3/new/assets/images/blog/publisher-img.png]
[devsaidul.com/html3/new/assets/images/blog/arrow-prev.png]
[devsaidul.com/html3/new/assets/images/blog/arrow-next.png]
[devsaidul.com/html3/new/assets/images/blog/replay-user-img-1.png]
[devsaidul.com/html3/new/blog-details.html]
[devsaidul.com/html3/new/assets/css/pricing-plan.css]
[devsaidul.com/html3/new/pricing-plan.html]
[devsaidul.com/html3/new/assets/css/project-grid.css]
[devsaidul.com/html3/new/project-grid.html]
[devsaidul.com/html3/new/assets/css/project-details.css]
[devsaidul.com/html3/new/assets/images/project-details/img-1.png]
[devsaidul.com/html3/new/assets/images/project-details/img-2.png]
[devsaidul.com/html3/new/project-details.html]
[devsaidul.com/html3/new/assets/css/service.css]
[devsaidul.com/html3/new/service.html]
[devsaidul.com/html3/new/assets/css/service-details.css]
[devsaidul.com/html3/new/assets/images/service/service-1.png]
[devsaidul.com/html3/new/assets/images/service/service-3.1.png]
[devsaidul.com/html3/new/assets/images/service/service-3.2.png]
[devsaidul.com/html3/new/assets/images/service/banner-adv.png]
[devsaidul.com/html3/new/service-details.html]
[devsaidul.com/html3/new/assets/css/team.css]
[devsaidul.com/html3/new/team.html]
[devsaidul.com/html3/new/assets/css/team-details.css]
[devsaidul.com/html3/new/assets/images/team/team-member.png]
[devsaidul.com/html3/new/team-details.html]
[devsaidul.com/html3/new/assets/css/contact.css]
[devsaidul.com/html3/new/contact.html]
[devsaidul.com/html3/new/faq.html]
[devsaidul.com/html3/new/assets/css/nav-2.css]
[devsaidul.com/html3/new/assets/css/faq.css]
[devsaidul.com/html3/new/assets/images/home-2/footer-bg.png]
[devsaidul.com/html3/new/assets/images/home-2/footer-shape.png]
[devsaidul.com/html3/new/assets/css/footer-2.css]
[devsaidul.com/html3/new/assets/images/home-2/banner.png]
[devsaidul.com/html3/new/assets/images/home-2/shape.png]
[devsaidul.com/html3/new/assets/images/home-2/choose-us-shape-bg.png]
[devsaidul.com/html3/new/assets/images/home-2/build-website-bg.png]
[devsaidul.com/html3/new/assets/css/home-2.css]
[devsaidul.com/html3/new/assets/css/nav-3.css]
[devsaidul.com/html3/new/assets/images/home-3/banner.png]
[devsaidul.com/html3/new/assets/images/home-3/shape.png]
[devsaidul.com/html3/new/assets/images/home-3/like-us-area-bg.png]
[devsaidul.com/html3/new/assets/images/home-3/what-our-clients-say-area.png]
[devsaidul.com/html3/new/assets/css/home-3.css]
[devsaidul.com/html3/new/assets/images/about-us/banner.png]
[devsaidul.com/html3/new/assets/css/about-us.css]
[devsaidul.com/html3/new/assets/css/blog-standard.css]
[devsaidul.com/html3/new/assets/css/blog-grid.css]
[devsaidul.com/html3/new/assets/css/blog-details.css]
[devsaidul.com/html3/new/assets/css/pricing-plan.css]
[devsaidul.com/html3/new/assets/css/project-grid.css]
[devsaidul.com/html3/new/assets/css/project-details.css]
[devsaidul.com/html3/new/assets/images/shape.png]
[devsaidul.com/html3/new/assets/css/service.css]
[devsaidul.com/html3/new/assets/css/service-details.css]
[devsaidul.com/html3/new/assets/css/team.css]
[devsaidul.com/html3/new/assets/css/team-details.css]
[devsaidul.com/html3/new/assets/css/contact.css]
[devsaidul.com/html3/new/assets/css/faq.css]
